20:19:03 **** Incremental Build of configuration Debug for project tdse-tp0_05-hw_sw_test ****
make -j4 all 
arm-none-eabi-size  tdse-tp0_05-hw_sw_test.elf 
   text	   data	    bss	    dec	    hex	filename
  14172	    180	   2244	  16596	   40d4	tdse-tp0_05-hw_sw_test.elf
Finished building: default.size.stdout
 
20:19:10 **** Incremental Build of configuration Debug for project tdse-tp0_05-hw_sw_test ****
make -j4 all 
arm-none-eabi-size  tdse-tp0_05-hw_sw_test.elf 
   text	   data	    bss	    dec	    hex	filename
  14172	    180	   2244	  16596	   40d4	tdse-tp0_05-hw_sw_test.elf
Finished building: default.size.stdout
 
